Archive member included to satisfy reference by file (symbol)

D:/Program files/STM32CubeIDE_1.16.0/STM32CubeIDE/plugins/com.st.stm32cube.ide.mcu.externaltools.gnu-tools-for-stm32.12.3.rel1.win32_1.0.200.202406191623/tools/bin/../lib/gcc/arm-none-eabi/12.3.1/../../../../arm-none-eabi/lib/thumb/v7e-m/nofp\libc_nano.a(libc_a-exit.o)
                              D:/Program files/STM32CubeIDE_1.16.0/STM32CubeIDE/plugins/com.st.stm32cube.ide.mcu.externaltools.gnu-tools-for-stm32.12.3.rel1.win32_1.0.200.202406191623/tools/bin/../lib/gcc/arm-none-eabi/12.3.1/../../../../arm-none-eabi/lib/thumb/v7e-m/nofp/crt0.o (exit)
D:/Program files/STM32CubeIDE_1.16.0/STM32CubeIDE/plugins/com.st.stm32cube.ide.mcu.externaltools.gnu-tools-for-stm32.12.3.rel1.win32_1.0.200.202406191623/tools/bin/../lib/gcc/arm-none-eabi/12.3.1/../../../../arm-none-eabi/lib/thumb/v7e-m/nofp\libc_nano.a(libc_a-findfp.o)
                              D:/Program files/STM32CubeIDE_1.16.0/STM32CubeIDE/plugins/com.st.stm32cube.ide.mcu.externaltools.gnu-tools-for-stm32.12.3.rel1.win32_1.0.200.202406191623/tools/bin/../lib/gcc/arm-none-eabi/12.3.1/../../../../arm-none-eabi/lib/thumb/v7e-m/nofp\libc_nano.a(libc_a-exit.o) (__stdio_exit_handler)
D:/Program files/STM32CubeIDE_1.16.0/STM32CubeIDE/plugins/com.st.stm32cube.ide.mcu.externaltools.gnu-tools-for-stm32.12.3.rel1.win32_1.0.200.202406191623/tools/bin/../lib/gcc/arm-none-eabi/12.3.1/../../../../arm-none-eabi/lib/thumb/v7e-m/nofp\libc_nano.a(libc_a-fwalk.o)
                              D:/Program files/STM32CubeIDE_1.16.0/STM32CubeIDE/plugins/com.st.stm32cube.ide.mcu.externaltools.gnu-tools-for-stm32.12.3.rel1.win32_1.0.200.202406191623/tools/bin/../lib/gcc/arm-none-eabi/12.3.1/../../../../arm-none-eabi/lib/thumb/v7e-m/nofp\libc_nano.a(libc_a-findfp.o) (_fwalk_sglue)
D:/Program files/STM32CubeIDE_1.16.0/STM32CubeIDE/plugins/com.st.stm32cube.ide.mcu.externaltools.gnu-tools-for-stm32.12.3.rel1.win32_1.0.200.202406191623/tools/bin/../lib/gcc/arm-none-eabi/12.3.1/../../../../arm-none-eabi/lib/thumb/v7e-m/nofp\libc_nano.a(libc_a-stdio.o)
                              D:/Program files/STM32CubeIDE_1.16.0/STM32CubeIDE/plugins/com.st.stm32cube.ide.mcu.externaltools.gnu-tools-for-stm32.12.3.rel1.win32_1.0.200.202406191623/tools/bin/../lib/gcc/arm-none-eabi/12.3.1/../../../../arm-none-eabi/lib/thumb/v7e-m/nofp\libc_nano.a(libc_a-findfp.o) (__sread)
D:/Program files/STM32CubeIDE_1.16.0/STM32CubeIDE/plugins/com.st.stm32cube.ide.mcu.externaltools.gnu-tools-for-stm32.12.3.rel1.win32_1.0.200.202406191623/tools/bin/../lib/gcc/arm-none-eabi/12.3.1/../../../../arm-none-eabi/lib/thumb/v7e-m/nofp\libc_nano.a(libc_a-memset.o)
                              D:/Program files/STM32CubeIDE_1.16.0/STM32CubeIDE/plugins/com.st.stm32cube.ide.mcu.externaltools.gnu-tools-for-stm32.12.3.rel1.win32_1.0.200.202406191623/tools/bin/../lib/gcc/arm-none-eabi/12.3.1/../../../../arm-none-eabi/lib/thumb/v7e-m/nofp/crt0.o (memset)
D:/Program files/STM32CubeIDE_1.16.0/STM32CubeIDE/plugins/com.st.stm32cube.ide.mcu.externaltools.gnu-tools-for-stm32.12.3.rel1.win32_1.0.200.202406191623/tools/bin/../lib/gcc/arm-none-eabi/12.3.1/../../../../arm-none-eabi/lib/thumb/v7e-m/nofp\libc_nano.a(libc_a-closer.o)
                              D:/Program files/STM32CubeIDE_1.16.0/STM32CubeIDE/plugins/com.st.stm32cube.ide.mcu.externaltools.gnu-tools-for-stm32.12.3.rel1.win32_1.0.200.202406191623/tools/bin/../lib/gcc/arm-none-eabi/12.3.1/../../../../arm-none-eabi/lib/thumb/v7e-m/nofp\libc_nano.a(libc_a-stdio.o) (_close_r)
D:/Program files/STM32CubeIDE_1.16.0/STM32CubeIDE/plugins/com.st.stm32cube.ide.mcu.externaltools.gnu-tools-for-stm32.12.3.rel1.win32_1.0.200.202406191623/tools/bin/../lib/gcc/arm-none-eabi/12.3.1/../../../../arm-none-eabi/lib/thumb/v7e-m/nofp\libc_nano.a(libc_a-reent.o)
                              D:/Program files/STM32CubeIDE_1.16.0/STM32CubeIDE/plugins/com.st.stm32cube.ide.mcu.externaltools.gnu-tools-for-stm32.12.3.rel1.win32_1.0.200.202406191623/tools/bin/../lib/gcc/arm-none-eabi/12.3.1/../../../../arm-none-eabi/lib/thumb/v7e-m/nofp\libc_nano.a(libc_a-closer.o) (errno)
D:/Program files/STM32CubeIDE_1.16.0/STM32CubeIDE/plugins/com.st.stm32cube.ide.mcu.externaltools.gnu-tools-for-stm32.12.3.rel1.win32_1.0.200.202406191623/tools/bin/../lib/gcc/arm-none-eabi/12.3.1/../../../../arm-none-eabi/lib/thumb/v7e-m/nofp\libc_nano.a(libc_a-impure.o)
                              D:/Program files/STM32CubeIDE_1.16.0/STM32CubeIDE/plugins/com.st.stm32cube.ide.mcu.externaltools.gnu-tools-for-stm32.12.3.rel1.win32_1.0.200.202406191623/tools/bin/../lib/gcc/arm-none-eabi/12.3.1/../../../../arm-none-eabi/lib/thumb/v7e-m/nofp\libc_nano.a(libc_a-reent.o) (_impure_ptr)
D:/Program files/STM32CubeIDE_1.16.0/STM32CubeIDE/plugins/com.st.stm32cube.ide.mcu.externaltools.gnu-tools-for-stm32.12.3.rel1.win32_1.0.200.202406191623/tools/bin/../lib/gcc/arm-none-eabi/12.3.1/../../../../arm-none-eabi/lib/thumb/v7e-m/nofp\libc_nano.a(libc_a-lseekr.o)
[...]
Memory Configuration

Name             Origin             Length             Attributes
RAM              0x20000000         0x00018000         xrw
SRAM2            0x10000000         0x00008000         xrw
FLASH            0x08000000         0x00100000         xr
*default*        0x00000000         0xffffffff

Linker script and memory map

LOAD D:/Program files/STM32CubeIDE_1.16.0/STM32CubeIDE/plugins/com.st.stm32cube.ide.mcu.externaltools.gnu-tools-for-stm32.12.3.rel1.win32_1.0.200.202406191623/tools/bin/../lib/gcc/arm-none-eabi/12.3.1/thumb/v7e-m/nofp/crti.o
LOAD D:/Program files/STM32CubeIDE_1.16.0/STM32CubeIDE/plugins/com.st.stm32cube.ide.mcu.externaltools.gnu-tools-for-stm32.12.3.rel1.win32_1.0.200.202406191623/tools/bin/../lib/gcc/arm-none-eabi/12.3.1/thumb/v7e-m/nofp/crtbegin.o
LOAD D:/Program files/STM32CubeIDE_1.16.0/STM32CubeIDE/plugins/com.st.stm32cube.ide.mcu.externaltools.gnu-tools-for-stm32.12.3.rel1.win32_1.0.200.202406191623/tools/bin/../lib/gcc/arm-none-eabi/12.3.1/../../../../arm-none-eabi/lib/thumb/v7e-m/nofp/crt0.o
LOAD ./Drivers/Src/stm32nul476rg_gpio_driver.o
LOAD ./Src/LED_Button.o
LOAD ./Startup/startup_stm32l476rgtx.o
START GROUP
LOAD D:/Program files/STM32CubeIDE_1.16.0/STM32CubeIDE/plugins/com.st.stm32cube.ide.mcu.externaltools.gnu-tools-for-stm32.12.3.rel1.win32_1.0.200.202406191623/tools/bin/../lib/gcc/arm-none-eabi/12.3.1/../../../../arm-none-eabi/lib/thumb/v7e-m/nofp\libc_nano.a
LOAD D:/Program files/STM32CubeIDE_1.16.0/STM32CubeIDE/plugins/com.st.stm32cube.ide.mcu.externaltools.gnu-tools-for-stm32.12.3.rel1.win32_1.0.200.202406191623/tools/bin/../lib/gcc/arm-none-eabi/12.3.1/../../../../arm-none-eabi/lib/thumb/v7e-m/nofp\libm.a
END GROUP
START GROUP
LOAD D:/Program files/STM32CubeIDE_1.16.0/STM32CubeIDE/plugins/com.st.stm32cube.ide.mcu.externaltools.gnu-tools-for-stm32.12.3.rel1.win32_1.0.200.202406191623/tools/bin/../lib/gcc/arm-none-eabi/12.3.1/thumb/v7e-m/nofp\libgcc.a
LOAD D:/Program files/STM32CubeIDE_1.16.0/STM32CubeIDE/plugins/com.st.stm32cube.ide.mcu.externaltools.gnu-tools-for-stm32.12.3.rel1.win32_1.0.200.202406191623/tools/bin/../lib/gcc/arm-none-eabi/12.3.1/../../../../arm-none-eabi/lib/thumb/v7e-m/nofp\libc_nano.a
END GROUP
START GROUP
LOAD D:/Program files/STM32CubeIDE_1.16.0/STM32CubeIDE/plugins/com.st.stm32cube.ide.mcu.externaltools.gnu-tools-for-stm32.12.3.rel1.win32_1.0.200.202406191623/tools/bin/../lib/gcc/arm-none-eabi/12.3.1/thumb/v7e-m/nofp\libgcc.a
LOAD D:/Program files/STM32CubeIDE_1.16.0/STM32CubeIDE/plugins/com.st.stm32cube.ide.mcu.externaltools.gnu-tools-for-stm32.12.3.rel1.win32_1.0.200.202406191623/tools/bin/../lib/gcc/arm-none-eabi/12.3.1/../../../../arm-none-eabi/lib/thumb/v7e-m/nofp\libc_nano.a
LOAD D:/Program files/STM32CubeIDE_1.16.0/STM32CubeIDE/plugins/com.st.stm32cube.ide.mcu.externaltools.gnu-tools-for-stm32.12.3.rel1.win32_1.0.200.202406191623/tools/bin/../lib/gcc/arm-none-eabi/12.3.1/../../../../arm-none-eabi/lib/thumb/v7e-m/nofp\libnosys.a
END GROUP
START GROUP
LOAD D:/Program files/STM32CubeIDE_1.16.0/STM32CubeIDE/plugins/com.st.stm32cube.ide.mcu.externaltools.gnu-tools-for-stm32.12.3.rel1.win32_1.0.200.202406191623/tools/bin/../lib/gcc/arm-none-eabi/12.3.1/thumb/v7e-m/nofp\libgcc.a
LOAD D:/Program files/STM32CubeIDE_1.16.0/STM32CubeIDE/plugins/com.st.stm32cube.ide.mcu.externaltools.gnu-tools-for-stm32.12.3.rel1.win32_1.0.200.202406191623/tools/bin/../lib/gcc/arm-none-eabi/12.3.1/../../../../arm-none-eabi/lib/thumb/v7e-m/nofp\libc_nano.a
LOAD D:/Program files/STM32CubeIDE_1.16.0/STM32CubeIDE/plugins/com.st.stm32cube.ide.mcu.externaltools.gnu-tools-for-stm32.12.3.rel1.win32_1.0.200.202406191623/tools/bin/../lib/gcc/arm-none-eabi/12.3.1/../../../../arm-none-eabi/lib/thumb/v7e-m/nofp\libnosys.a
END GROUP
LOAD D:/Program files/STM32CubeIDE_1.16.0/STM32CubeIDE/plugins/com.st.stm32cube.ide.mcu.externaltools.gnu-tools-for-stm32.12.3.rel1.win32_1.0.200.202406191623/tools/bin/../lib/gcc/arm-none-eabi/12.3.1/thumb/v7e-m/nofp/crtend.o
LOAD D:/Program files/STM32CubeIDE_1.16.0/STM32CubeIDE/plugins/com.st.stm32cube.ide.mcu.externaltools.gnu-tools-for-stm32.12.3.rel1.win32_1.0.200.202406191623/tools/bin/../lib/gcc/arm-none-eabi/12.3.1/thumb/v7e-m/nofp/crtn.o
                0x20018000                        _estack = (ORIGIN (RAM) + LENGTH (RAM))
                0x00000200                        _Min_Heap_Size = 0x200
                0x00000400                        _Min_Stack_Size = 0x400

.isr_vector     0x08000000      0x184
                0x08000000                        . = ALIGN (0x4)
 *(.isr_vector)
 .isr_vector    0x08000000      0x184 ./Startup/startup_stm32l476rgtx.o
                0x08000000                g_pfnVectors
                0x08000184                        . = ALIGN (0x4)

.text           0x08000184      0x51c
                0x08000184                        . = ALIGN (0x4)
 *(.text)
 .text          0x08000184       0x40 D:/Program files/STM32CubeIDE_1.16.0/STM32CubeIDE/plugins/com.st.stm32cube.ide.mcu.externaltools.gnu-tools-for-stm32.12.3.rel1.win32_1.0.200.202406191623/tools/bin/../lib/gcc/arm-none-eabi/12.3.1/thumb/v7e-m/nofp/crtbegin.o
 *(.text*)
 .text.GPIO_PeriClockControl
                0x080001c4      0x19c ./Drivers/Src/stm32nul476rg_gpio_driver.o
                0x080001c4                GPIO_PeriClockControl
 .text.GPIO_Init
                0x08000360      0x194 ./Drivers/Src/stm32nul476rg_gpio_driver.o
                0x08000360                GPIO_Init
 .text.GPIO_ReadFromInputPin
                0x080004f4       0x2a ./Drivers/Src/stm32nul476rg_gpio_driver.o
                0x080004f4                GPIO_ReadFromInputPin
 .text.GPIO_ToggleOutputPin
                0x0800051e       0x28 ./Drivers/Src/stm32nul476rg_gpio_driver.o
                0x0800051e                GPIO_ToggleOutputPin
 .text.delay    0x08000546       0x28 ./Src/LED_Button.o
                0x08000546                delay
 *fill*         0x0800056e        0x2 
 .text.main     0x08000570       0x7c ./Src/LED_Button.o
                0x08000570                main
 .text.Reset_Handler
                0x080005ec       0x50 ./Startup/startup_stm32l476rgtx.o
                0x080005ec                Reset_Handler
 .text.Default_Handler
                0x0800063c        0x2 ./Startup/startup_stm32l476rgtx.o
                0x0800063c                EXTI2_IRQHandler
                0x0800063c                TIM8_TRG_COM_IRQHandler
                0x0800063c                TIM8_CC_IRQHandler
                0x0800063c                DebugMon_Handler
                0x0800063c                DMA1_CH4_IRQHandler
                0x0800063c                TIM1_CC_IRQHandler
                0x0800063c                TSC_IRQHandler
                0x0800063c                HardFault_Handler
                0x0800063c                SysTick_Handler
                0x0800063c                TAMP_STAMP_IRQHandler
                0x0800063c                PendSV_Handler
                0x0800063c                NMI_Handler
                0x0800063c                EXTI3_IRQHandler
                0x0800063c                LPTIM2_IRQHandler
                0x0800063c                DFSDM1_FLT1_IRQHandler
                0x0800063c                I2C3_ER_IRQHandler
                0x0800063c                DFSDM1_FLT2_IRQHandler
                0x0800063c                TIM6_DACUNDER_IRQHandler
                0x0800063c                EXTI0_IRQHandler
                0x0800063c                I2C2_EV_IRQHandler
                0x0800063c                DMA2_CH1_IRQHandler
                0x0800063c                CAN1_RX0_IRQHandler
                0x0800063c                TIM1_UP_TIM16_IRQHandler
                0x0800063c                DMA2_CH7_IRQHandler
                0x0800063c                UsageFault_Handler
                0x0800063c                ADC1_2_IRQHandler
                0x0800063c                SPI1_IRQHandler
                0x0800063c                DMA1_CH7_IRQHandler
                0x0800063c                TIM8_UP_IRQHandler
                0x0800063c                RTC_ALARM_IRQHandler
                0x0800063c                SAI2_IRQHandler
                0x0800063c                DFSDM1_FLT3_IRQHandler
                0x0800063c                DMA1_CH6_IRQHandler
                0x0800063c                USART3_IRQHandler
                0x0800063c                CAN1_RX1_IRQHandler
                0x0800063c                LCD_IRQHandler
                0x0800063c                UART5_IRQHandler
                0x0800063c                ADC3_IRQHandler
                0x0800063c                TIM4_IRQHandler
                0x0800063c                QUADSPI_IRQHandler
                0x0800063c                I2C1_EV_IRQHandler
                0x0800063c                DMA2_CH5_IRQHandler
                0x0800063c                UART4_IRQHandler
                0x0800063c                DMA1_CH3_IRQHandler
                0x0800063c                TIM3_IRQHandler
                0x0800063c                RCC_IRQHandler
                0x0800063c                Default_Handler
                0x0800063c                EXTI15_10_IRQHandler
                0x0800063c                TIM7_IRQHandler
                0x0800063c                SDMMC1_IRQHandler
                0x0800063c                TIM5_IRQHandler
                0x0800063c                I2C3_EV_IRQHandler
                0x0800063c                EXTI9_5_IRQHandler
                0x0800063c                DMA1_CH2_IRQHandler
                0x0800063c                RTC_WKUP_IRQHandler
                0x0800063c                PVD_PVM_IRQHandler
                0x0800063c                SPI2_IRQHandler
                0x0800063c                DMA1_CH1_IRQHandler
                0x0800063c                MemManage_Handler
                0x0800063c                CAN1_TX_IRQHandler
                0x0800063c                SVC_Handler
                0x0800063c                EXTI4_IRQHandler
                0x0800063c                RNG_IRQHandler
                0x0800063c                TIM1_TRG_COM_TIM17_IRQHandler
                0x0800063c                COMP_IRQHandler
                0x0800063c                WWDG_IRQHandler
                0x0800063c                LPUART1_IRQHandler
                0x0800063c                TIM2_IRQHandler
                0x0800063c                EXTI1_IRQHandler
                0x0800063c                AES_IRQHandler
                0x0800063c                USART2_IRQHandler
                0x0800063c                DFSDM1_FLT0_IRQHandler
                0x0800063c                I2C2_ER_IRQHandler
                0x0800063c                TIM8_BRK_IRQHandler
                0x0800063c                CAN1_SCE_IRQHandler
                0x0800063c                FLASH_IRQHandler
                0x0800063c                BusFault_Handler
                0x0800063c                USART1_IRQHandler
                0x0800063c                OTG_FS_IRQHandler
                0x0800063c                SPI3_IRQHandler
                0x0800063c                DMA2_CH6_IRQHandler
                0x0800063c                DMA2_CH3_IRQHandler
                0x0800063c                DMA2_CH2_IRQHandler
                0x0800063c                I2C1_ER_IRQHandler
                0x0800063c                FMC_IRQHandler
                0x0800063c                DMA1_CH5_IRQHandler
                0x0800063c                DMA2_CH4_IRQHandler
                0x0800063c                SWPMI1_IRQHandler
                0x0800063c                LPTIM1_IRQHandler
                0x0800063c                SAI1_IRQHandler
                0x0800063c                TIM1_BRK_TIM15_IRQHandler
 *fill*         0x0800063e        0x2 
 .text.__libc_init_array
                0x08000640       0x48 D:/Program files/STM32CubeIDE_1.16.0/STM32CubeIDE/plugins/com.st.stm32cube.ide.mcu.externaltools.gnu-tools-for-stm32.12.3.rel1.win32_1.0.200.202406191623/tools/bin/../lib/gcc/arm-none-eabi/12.3.1/../../../../arm-none-eabi/lib/thumb/v7e-m/nofp\libc_nano.a(libc_a-init.o)
                0x08000640                __libc_init_array
 *(.glue_7)
 .glue_7        0x08000688        0x0 linker stubs
 *(.glue_7t)
 .glue_7t       0x08000688        0x0 linker stubs
 *(.eh_frame)
 .eh_frame      0x08000688        0x0 D:/Program files/STM32CubeIDE_1.16.0/STM32CubeIDE/plugins/com.st.stm32cube.ide.mcu.externaltools.gnu-tools-for-stm32.12.3.rel1.win32_1.0.200.202406191623/tools/bin/../lib/gcc/arm-none-eabi/12.3.1/thumb/v7e-m/nofp/crtbegin.o
 *(.init)
 .init          0x08000688        0x4 D:/Program files/STM32CubeIDE_1.16.0/STM32CubeIDE/plugins/com.st.stm32cube.ide.mcu.externaltools.gnu-tools-for-stm32.12.3.rel1.win32_1.0.200.202406191623/tools/bin/../lib/gcc/arm-none-eabi/12.3.1/thumb/v7e-m/nofp/crti.o
                0x08000688                _init
 .init          0x0800068c        0x8 D:/Program files/STM32CubeIDE_1.16.0/STM32CubeIDE/plugins/com.st.stm32cube.ide.mcu.externaltools.gnu-tools-for-stm32.12.3.rel1.win32_1.0.200.202406191623/tools/bin/../lib/gcc/arm-none-eabi/12.3.1/thumb/v7e-m/nofp/crtn.o
 *(.fini)
 .fini          0x08000694        0x4 D:/Program files/STM32CubeIDE_1.16.0/STM32CubeIDE/plugins/com.st.stm32cube.ide.mcu.externaltools.gnu-tools-for-stm32.12.3.rel1.win32_1.0.200.202406191623/tools/bin/../lib/gcc/arm-none-eabi/12.3.1/thumb/v7e-m/nofp/crti.o
                0x08000694                _fini
 .fini          0x08000698        0x8 D:/Program files/STM32CubeIDE_1.16.0/STM32CubeIDE/plugins/com.st.stm32cube.ide.mcu.externaltools.gnu-tools-for-stm32.12.3.rel1.win32_1.0.200.202406191623/tools/bin/../lib/gcc/arm-none-eabi/12.3.1/thumb/v7e-m/nofp/crtn.o
                0x080006a0                        . = ALIGN (0x4)
                0x080006a0                        _etext = .

.vfp11_veneer   0x080006a0        0x0
 .vfp11_veneer  0x080006a0        0x0 linker stubs

.v4_bx          0x080006a0        0x0
 .v4_bx         0x080006a0        0x0 linker stubs

.iplt           0x080006a0        0x0
 .iplt          0x080006a0        0x0 D:/Program files/STM32CubeIDE_1.16.0/STM32CubeIDE/plugins/com.st.stm32cube.ide.mcu.externaltools.gnu-tools-for-stm32.12.3.rel1.win32_1.0.200.202406191623/tools/bin/../lib/gcc/arm-none-eabi/12.3.1/thumb/v7e-m/nofp/crtbegin.o

.rodata         0x080006a0        0x0
                0x080006a0                        . = ALIGN (0x4)
 *(.rodata)
 *(.rodata*)
                0x080006a0                        . = ALIGN (0x4)

.ARM.extab      0x080006a0        0x0
                0x080006a0                        . = ALIGN (0x4)
 *(.ARM.extab* .gnu.linkonce.armextab.*)
                0x080006a0                        . = ALIGN (0x4)

.ARM            0x080006a0        0x0
                0x080006a0                        . = ALIGN (0x4)
                0x080006a0                        __exidx_start = .
 *(.ARM.exidx*)
                0x080006a0                        __exidx_end = .
                0x080006a0                        . = ALIGN (0x4)

.preinit_array  0x080006a0        0x0
                0x080006a0                        . = ALIGN (0x4)
                0x080006a0                        PROVIDE (__preinit_array_start = .)
 *(.preinit_array*)
                0x080006a0                        PROVIDE (__preinit_array_end = .)
                0x080006a0                        . = ALIGN (0x4)

.init_array     0x080006a0        0x4
                0x080006a0                        . = ALIGN (0x4)
                0x080006a0                        PROVIDE (__init_array_start = .)
 *(SORT_BY_NAME(.init_array.*))
 *(.init_array*)
 .init_array    0x080006a0        0x4 D:/Program files/STM32CubeIDE_1.16.0/STM32CubeIDE/plugins/com.st.stm32cube.ide.mcu.externaltools.gnu-tools-for-stm32.12.3.rel1.win32_1.0.200.202406191623/tools/bin/../lib/gcc/arm-none-eabi/12.3.1/thumb/v7e-m/nofp/crtbegin.o
                0x080006a4                        PROVIDE (__init_array_end = .)
                0x080006a4                        . = ALIGN (0x4)

.fini_array     0x080006a4        0x4
                0x080006a4                        . = ALIGN (0x4)
                [!provide]                        PROVIDE (__fini_array_start = .)
 *(SORT_BY_NAME(.fini_array.*))
 *(.fini_array*)
 .fini_array    0x080006a4        0x4 D:/Program files/STM32CubeIDE_1.16.0/STM32CubeIDE/plugins/com.st.stm32cube.ide.mcu.externaltools.gnu-tools-for-stm32.12.3.rel1.win32_1.0.200.202406191623/tools/bin/../lib/gcc/arm-none-eabi/12.3.1/thumb/v7e-m/nofp/crtbegin.o
                [!provide]                        PROVIDE (__fini_array_end = .)
                0x080006a8                        . = ALIGN (0x4)
                0x080006a8                        _sidata = LOADADDR (.data)

.rel.dyn        0x080006a8        0x0
 .rel.iplt      0x080006a8        0x0 D:/Program files/STM32CubeIDE_1.16.0/STM32CubeIDE/plugins/com.st.stm32cube.ide.mcu.externaltools.gnu-tools-for-stm32.12.3.rel1.win32_1.0.200.202406191623/tools/bin/../lib/gcc/arm-none-eabi/12.3.1/thumb/v7e-m/nofp/crtbegin.o

.data           0x20000000        0x0 load address 0x080006a8
                0x20000000                        . = ALIGN (0x4)
                0x20000000                        _sdata = .
 *(.data)
 *(.data*)
 *(.RamFunc)
 *(.RamFunc*)
                0x20000000                        . = ALIGN (0x4)
                0x20000000                        _edata = .
                0x080006a8                        _sisram2 = LOADADDR (.sram2)

.igot.plt       0x20000000        0x0 load address 0x080006a8
 .igot.plt      0x20000000        0x0 D:/Program files/STM32CubeIDE_1.16.0/STM32CubeIDE/plugins/com.st.stm32cube.ide.mcu.externaltools.gnu-tools-for-stm32.12.3.rel1.win32_1.0.200.202406191623/tools/bin/../lib/gcc/arm-none-eabi/12.3.1/thumb/v7e-m/nofp/crtbegin.o

.sram2          0x10000000        0x0 load address 0x080006a8
                0x10000000                        . = ALIGN (0x4)
                0x10000000                        _ssram2 = .
 *(.sram2)
 *(.sram2*)
                0x10000000                        . = ALIGN (0x4)
                0x10000000                        _esram2 = .
                0x10000000                        . = ALIGN (0x4)

.bss            0x20000000       0x1c
                0x20000000                        _sbss = .
                0x20000000                        __bss_start__ = _sbss
 *(.bss)
 .bss           0x20000000       0x1c D:/Program files/STM32CubeIDE_1.16.0/STM32CubeIDE/plugins/com.st.stm32cube.ide.mcu.externaltools.gnu-tools-for-stm32.12.3.rel1.win32_1.0.200.202406191623/tools/bin/../lib/gcc/arm-none-eabi/12.3.1/thumb/v7e-m/nofp/crtbegin.o
 *(.bss*)
 *(COMMON)
                0x2000001c                        . = ALIGN (0x4)
                0x2000001c                        _ebss = .
                0x2000001c                        __bss_end__ = _ebss

._user_heap_stack
                0x2000001c      0x604
                0x20000020                        . = ALIGN (0x8)
 *fill*         0x2000001c        0x4 
                0x20000020                        PROVIDE (end = .)
                [!provide]                        PROVIDE (_end = .)
                0x20000220                        . = (. + _Min_Heap_Size)
 *fill*         0x20000020      0x200 
                0x20000620                        . = (. + _Min_Stack_Size)
 *fill*         0x20000220      0x400 
                0x20000620                        . = ALIGN (0x8)

/DISCARD/
 libc.a(*)
 libm.a(*)
 libgcc.a(*)

.ARM.attributes
                0x00000000       0x2a
 *(.ARM.attributes)
 .ARM.attributes
                0x00000000       0x1e D:/Program files/STM32CubeIDE_1.16.0/STM32CubeIDE/plugins/com.st.stm32cube.ide.mcu.externaltools.gnu-tools-for-stm32.12.3.rel1.win32_1.0.200.202406191623/tools/bin/../lib/gcc/arm-none-eabi/12.3.1/thumb/v7e-m/nofp/crti.o
 .ARM.attributes
                0x0000001e       0x2e D:/Program files/STM32CubeIDE_1.16.0/STM32CubeIDE/plugins/com.st.stm32cube.ide.mcu.externaltools.gnu-tools-for-stm32.12.3.rel1.win32_1.0.200.202406191623/tools/bin/../lib/gcc/arm-none-eabi/12.3.1/thumb/v7e-m/nofp/crtbegin.o
 .ARM.attributes
                0x0000004c       0x2e ./Drivers/Src/stm32nul476rg_gpio_driver.o
 .ARM.attributes
                0x0000007a       0x2e ./Src/LED_Button.o
 .ARM.attributes
                0x000000a8       0x21 ./Startup/startup_stm32l476rgtx.o
 .ARM.attributes
                0x000000c9       0x2e D:/Program files/STM32CubeIDE_1.16.0/STM32CubeIDE/plugins/com.st.stm32cube.ide.mcu.externaltools.gnu-tools-for-stm32.12.3.rel1.win32_1.0.200.202406191623/tools/bin/../lib/gcc/arm-none-eabi/12.3.1/../../../../arm-none-eabi/lib/thumb/v7e-m/nofp\libc_nano.a(libc_a-init.o)
 .ARM.attributes
                0x000000f7       0x1e D:/Program files/STM32CubeIDE_1.16.0/STM32CubeIDE/plugins/com.st.stm32cube.ide.mcu.externaltools.gnu-tools-for-stm32.12.3.rel1.win32_1.0.200.202406191623/tools/bin/../lib/gcc/arm-none-eabi/12.3.1/thumb/v7e-m/nofp/crtn.o
OUTPUT(stm32nucleo-L476RG_DRIVERS.elf elf32-littlearm)
LOAD linker stubs
LOAD D:/Program files/STM32CubeIDE_1.16.0/STM32CubeIDE/plugins/com.st.stm32cube.ide.mcu.externaltools.gnu-tools-for-stm32.12.3.rel1.win32_1.0.200.202406191623/tools/bin/../lib/gcc/arm-none-eabi/12.3.1/../../../../arm-none-eabi/lib/thumb/v7e-m/nofp\libc.a
LOAD D:/Program files/STM32CubeIDE_1.16.0/STM32CubeIDE/plugins/com.st.stm32cube.ide.mcu.externaltools.gnu-tools-for-stm32.12.3.rel1.win32_1.0.200.202406191623/tools/bin/../lib/gcc/arm-none-eabi/12.3.1/../../../../arm-none-eabi/lib/thumb/v7e-m/nofp\libm.a
LOAD D:/Program files/STM32CubeIDE_1.16.0/STM32CubeIDE/plugins/com.st.stm32cube.ide.mcu.externaltools.gnu-tools-for-stm32.12.3.rel1.win32_1.0.200.202406191623/tools/bin/../lib/gcc/arm-none-eabi/12.3.1/thumb/v7e-m/nofp\libgcc.a

.debug_info     0x00000000      0x8a4
 .debug_info    0x00000000      0x5cd ./Drivers/Src/stm32nul476rg_gpio_driver.o
 .debug_info    0x000005cd      0x2a7 ./Src/LED_Button.o
 .debug_info    0x00000874       0x30 ./Startup/startup_stm32l476rgtx.o

.debug_abbrev   0x00000000      0x261
 .debug_abbrev  0x00000000      0x113 ./Drivers/Src/stm32nul476rg_gpio_driver.o
 .debug_abbrev  0x00000113      0x12a ./Src/LED_Button.o
 .debug_abbrev  0x0000023d       0x24 ./Startup/startup_stm32l476rgtx.o

.debug_aranges  0x00000000       0xa8
 .debug_aranges
                0x00000000       0x58 ./Drivers/Src/stm32nul476rg_gpio_driver.o
 .debug_aranges
                0x00000058       0x28 ./Src/LED_Button.o
 .debug_aranges
                0x00000080       0x28 ./Startup/startup_stm32l476rgtx.o

.debug_rnglists
                0x00000000       0x72
 .debug_rnglists
                0x00000000       0x40 ./Drivers/Src/stm32nul476rg_gpio_driver.o
 .debug_rnglists
                0x00000040       0x19 ./Src/LED_Button.o
 .debug_rnglists
                0x00000059       0x19 ./Startup/startup_stm32l476rgtx.o

.debug_macro    0x00000000     0x1363
 .debug_macro   0x00000000       0x86 ./Drivers/Src/stm32nul476rg_gpio_driver.o
 .debug_macro   0x00000086      0xab4 ./Drivers/Src/stm32nul476rg_gpio_driver.o
 .debug_macro   0x00000b3a       0x22 ./Drivers/Src/stm32nul476rg_gpio_driver.o
 .debug_macro   0x00000b5c       0x8e ./Drivers/Src/stm32nul476rg_gpio_driver.o
 .debug_macro   0x00000bea       0x51 ./Drivers/Src/stm32nul476rg_gpio_driver.o
 .debug_macro   0x00000c3b      0x103 ./Drivers/Src/stm32nul476rg_gpio_driver.o
 .debug_macro   0x00000d3e       0x6a ./Drivers/Src/stm32nul476rg_gpio_driver.o
 .debug_macro   0x00000da8      0x1df ./Drivers/Src/stm32nul476rg_gpio_driver.o
 .debug_macro   0x00000f87      0x286 ./Drivers/Src/stm32nul476rg_gpio_driver.o
 .debug_macro   0x0000120d       0xc4 ./Drivers/Src/stm32nul476rg_gpio_driver.o
 .debug_macro   0x000012d1       0x92 ./Src/LED_Button.o

.debug_line     0x00000000      0xcf2
 .debug_line    0x00000000      0x7a4 ./Drivers/Src/stm32nul476rg_gpio_driver.o
 .debug_line    0x000007a4      0x4d3 ./Src/LED_Button.o
 .debug_line    0x00000c77       0x7b ./Startup/startup_stm32l476rgtx.o

.debug_str      0x00000000     0x51fd
 .debug_str     0x00000000     0x517f ./Drivers/Src/stm32nul476rg_gpio_driver.o
                               0x5303 (size before relaxing)
 .debug_str     0x0000517f       0x3f ./Src/LED_Button.o
                               0x5135 (size before relaxing)
 .debug_str     0x000051be       0x3f ./Startup/startup_stm32l476rgtx.o
                                 0x74 (size before relaxing)

.comment        0x00000000       0x43
 .comment       0x00000000       0x43 ./Drivers/Src/stm32nul476rg_gpio_driver.o
                                 0x44 (size before relaxing)
 .comment       0x00000043       0x44 ./Src/LED_Button.o

.debug_frame    0x00000000      0x1d4
 .debug_frame   0x00000000      0x150 ./Drivers/Src/stm32nul476rg_gpio_driver.o
 .debug_frame   0x00000150       0x58 ./Src/LED_Button.o
 .debug_frame   0x000001a8       0x2c D:/Program files/STM32CubeIDE_1.16.0/STM32CubeIDE/plugins/com.st.stm32cube.ide.mcu.externaltools.gnu-tools-for-stm32.12.3.rel1.win32_1.0.200.202406191623/tools/bin/../lib/gcc/arm-none-eabi/12.3.1/../../../../arm-none-eabi/lib/thumb/v7e-m/nofp\libc_nano.a(libc_a-init.o)

.debug_line_str
                0x00000000       0x58
 .debug_line_str
                0x00000000       0x58 ./Startup/startup_stm32l476rgtx.o
